src/aspects/Exceptions.aj
src/aspects/Exceptions/AfterAdvices

src/aspects/Transactions.aj
src/aspects/Transactions/AroundAdvices
src/aspects/Transactions/shouldShow
src/aspects/Transactions/showMessage

src/aspects/Implementations.aj
src/presentation/Auxiliary.aj

src/connection/ConexaoComercio.java
src/connection/ConexaoComercio/ConexaoComercio
src/connection/ConexaoComercio/getConexao
src/connection/ConexaoComercio/fechar
src/connection/ConexaoComercio/confirmarTransacao
src/connection/ConexaoComercio/cancelarTransacao


src/persistence/CategoriaDAO.java
src/persistence/CategoriaDAO/CategoriaDAO
src/persistence/CategoriaDAO/incluir
src/persistence/CategoriaDAO/alterar
src/persistence/CategoriaDAO/excluir
src/persistence/CategoriaDAO/carregarGrade
src/persistence/CategoriaDAO/carregarCombo
src/persistence/CategoriaDAO/pesquisar
src/persistence/CategoriaDAO/pesquisar

src/persistence/ClienteDAO/ClienteDAO
src/persistence/ClienteDAO/atualizarGrade
src/persistence/ClienteDAO/incluir
src/persistence/ClienteDAO/alterar
src/persistence/ClienteDAO/carregarRegistro
src/persistence/ClienteDAO/excluir


src/transference/ItemDAO.java
src/transference/ItemDAO/ItemDAO
src/transference/ItemDAO/incluir

src/persistence/PedidoDAO.java
src/persistence/PedidoDAO/Pedido
src/persistence/PedidoDAO/incluir


src/persistence/ProdutoDAO.java
src/persistence/ProdutoDAO/ProdutoDAO
src/persistence/ProdutoDAO/incluir
src/persistence/ProdutoDAO/alterar
src/persistence/ProdutoDAO/excluir
src/persistence/ProdutoDAO/carregarGrade
src/persistence/ProdutoDAO/carregarCombo
src/persistence/ProdutoDAO/pesquisar
src/persistence/ProdutoDAO/pesquisar



src/presentation/IFCadastro.java
src/presentation/IFCadastro/IFCadastro
src/presentation/IFCadastro/stateChanged
src/presentation/IFCadastro/actionPerformed
src/presentation/IFCadastro/atualizarGrade
src/presentation/IFCadastro/incluir
src/presentation/IFCadastro/alterar
src/presentation/IFCadastro/excluir
src/presentation/IFCadastro/carregarRegistro

src/presentation/IFCategoria.java
src/presentation/IFCategoria/IFCategoria
src/presentation/IFCategoria/atualizarGrade
src/presentation/IFCategoria/incluir
src/presentation/IFCategoria/alterar
src/presentation/IFCategoria/excluir
src/presentation/IFCategoria/carregarRegistro

src/persistence/IFCliente.java
src/persistence/IFCliente/ClienteDAO
src/persistence/IFCliente/atualizarGrade
src/persistence/IFCliente/incluir
src/persistence/IFCliente/alterar
src/persistence/IFCliente/carregarRegistro
src/persistence/IFCliente/excluir

src/presentation/IFPedidoRegistrar.java
src/presentation/IFPedidoRegistrar/IFPedidoRegistrar
src/presentation/IFPedidoRegistrar/itemStateChanged
src/presentation/IFPedidoRegistrar/actionPerformed
src/presentation/IFPedidoRegistrar/changedUpdate
src/presentation/IFPedidoRegistrar/exibirPreco
src/presentation/IFPedidoRegistrar/addItem
src/presentation/IFPedidoRegistrar/limparItens
src/presentation/IFPedidoRegistrar/gravarPedido

src/presentation/IFProduto.java
src/presentation/IFProduto/IFProduto
src/presentation/IFProduto/atualizarGrade
src/presentation/IFProduto/incluir
src/presentation/IFProduto/alterar
src/presentation/IFProduto/excluir
src/presentation/IFProduto/carregarRegistro

src/presentation/JFPrincipal.java
src/presentation/JFPrincipal/JFPrincipal
src/presentation/JFPrincipal/actionPerformed
src/presentation/JFPrincipal/cadastrarCategoria
src/presentation/JFPrincipal/cadastrarProduto
src/presentation/JFPrincipal/cadastrarCliente
src/presentation/JFPrincipal/registrarPedido

src/presentation/ModeloGrade.java
src/presentation/ModeloGrade/ModeloGrade
src/presentation/ModeloGrade/ModeloGrade
src/presentation/ModeloGrade/ModeloGrade
src/presentation/ModeloGrade/clearLines



